[    0.000000] Linux version 4.15.0-124-generic (buildd@lgw01-amd64-029) (gcc version 7.5.0 (Ubuntu 7.5.0-3ubuntu1~18.04)) #127-Ubuntu SMP Fri Nov 6 10:54:43 UTC 2020 (Ubuntu 4.15.0-124.127-generic 4.15.18)
[    0.000000] Command line: BOOT_IMAGE=/boot/vmlinuz-4.15.0-124-generic root=LABEL=cloudimg-rootfs ro console=tty1 console=ttyS0
[    0.000000] KERNEL supported cpus:
[    0.000000]   Intel GenuineIntel
[    0.000000]   AMD AuthenticAMD
[    0.000000]   Centaur CentaurHauls
[    0.000000] x86/fpu: Supporting XSAVE feature 0x001: 'x87 floating point registers'
[    0.000000] x86/fpu: Supporting XSAVE feature 0x002: 'SSE registers'
[    0.000000] 6/fpu: Supporting XSAVE feature 0x004: 'AVX registers'
[    0.000000] x86/fpu: xstate_offset[2]:  576, xstate_sizes[2]:  256
[    0.000000] x86/fpu: Enabled xstate features 0x7, context size is 832 bytes, using 'standard' format.
[    0.000000] e820: BIOS-provided physical RAM map:
[    0.000000] BIOS-e820: [mem 0x0000000000000000-0x000000000009fbff] usable
[    0.000000] BIOS-e820: [mem 0x000000000009fc00-0x000000000009ffff] reserved
[    0.000000] BIOS-e820: [mem 0x00000000000f0000-0x00000000000fffff] reserved
[    0.000000] BIOS-e820: [mem 0x0000000000100000-0x000000003ffeffff] usable
[    0.000000] BIOS-e820: [mem 0x000000003fff0000-0x000000003fffffff] ACPI data
[    0.000000] BIOS-e820: [mem 0x00000000fec00000-0x00000000fec00fff] reserved
[    0.000000] BIOS-e820: [mem 0x00000000fee00000-0x00000000fee00fff] reserved
[    0.000000] BIOS-e820: [mem 0x00000000fffc0000-0x00000000ffffffff] reserved
[    0.000000] NX (Execute Disable) protection: active
[    0.000000] SMBIOS 2.5 present.
[    0.000000] DMI: innotek GmbH VirtualBox/VirtualBox, BIOS VirtualBox 12/01/2006
[    0.000000] Hypervisor detected: KVM
[    0.000000] e820: last_pfn = 0x3fff0 max_arch_pfn = 0x400000000
[    0.000000] MTRR: Disabled
[    0.000000] x86/PAT: MTRRs disabled, skipping PAT initialization too.
[    0.000000] CPU MTRRs all blank - virtualized system.
[    0.000000] x86/PAT: Configuration [0-7]: WB  WT  UC- UC  WB  WT  UC- UC  
[    0.000000] found SMP MP-table at [mem 0x0009fff0-0x0009ffff]
[    0.000000] Scanning 1 areas for low memory corruption
[    0.000000] RAMDISK: [mem 0x35a67000-0x36d2afff]
[    0.000000] ACPI: Early table checksum verification disabled
[    0.000000] ACPI: RSDP 0x00000000000E0000 000024 (v02 VBOX  )
[    0.000000] ACPI: XSDT 0x000000003FFF0030 00003C (v01 VBOX   VBOXXSDT 00000001 ASL  00000061)
[    0.000000] ACPI: FACP 0x000000003FFF00F0 0000F4 (v04 VBOX   VBOXFACP 00000001 ASL  00000061)
[    0.000000] ACPI: DSDT 0x000000003FFF0470 002325 (v02 VBOX   VBOXBIOS 00000002 INTL 20100528)
[    0.000000] ACPI: FACS 0x000000003FFF0200 000040
[    0.000000] ACPI: FACS 0x000000003FFF0200 000040
[    0.000000] ACPI: APIC 0x000000003FFF0240 00005C (v02 VBOX   VBOXAPIC 00000001 ASL  00000061)
[    0.000000] ACPI: SSDT 0x000000003FFF02A0 0001CC (v01 VBOX   VBOXCPUT 00000002 INTL 20100528)
[    0.000000] No NUMA configuration found
[    0.000000] Faking a node at [mem 0x0000000000000000-0x000000003ffeffff]
[    0.000000] NODE_DATA(0) allocated [mem 0x3ffc5000-0x3ffeffff]
[    0.000000] kvm-clock: cpu 0, msr 0:3ff44001, primary cpu clock
[    0.000000] kvm-clock: Using msrs 4b564d01 and 4b564d00
[    0.000000] kvm-clock: using sched offset of 4124468195 cycles
[    0.000000] clocksource: kvm-clock: mask: 0xffffffffffffffff max_cycles: 0x1cd42e4dffb, max_idle_ns: 881590591483 ns
[    0.000000] Zone ranges:
[    0.000000]   DMA      [mem 0x0000000000001000-0x0000000000ffffff]
[    0.000000]   DMA32    [mem 0x0000000001000000-0x000000003ffeffff]
[    0.000000]   Normal   empty
[    0.000000]   Device   empty
[    0.000000] Movable zone start for each node
[    0.000000] Early memory node ranges
[    0.000000]   node   0: [mem 0x0000000000001000-0x000000000009efff]
[    0.000000]   node   0: [mem 0x0000000000100000-0x000000003ffeffff]
[    0.000000] Reserved but unavailable: 98 pages
[    0.000000] Initmem setup node 0 [mem 0x0000000000001000-0x000000003ffeffff]
[    0.000000] ACPI: PM-Timer IO Port: 0x4008
[    0.000000] IOAPIC[0]: apic_id 2, version 32, address 0xfec00000, GSI 0-23
[    0.000000] ACPI: INT_SRC_OVR (bus 0 bus_irq 0 global_irq 2 dfl dfl)
[    0.000000] ACPI: INT_SRC_OVR (bus 0 bus_irq 9 global_irq 9 low level)
[    0.000000] Using ACPI (MADT) for SMP configuration information
[    0.000000] smpboot: Allowing 2 CPUs, 0 hotplug CPUs
[    0.000000] PM: Registered nosave memory: [mem 0x00000000-0x00000fff]
[    0.000000] PM: Registered nosave memory: [mem 0x0009f000-0x0009ffff]
[    0.000000] PM: Registered nosave memory: [mem 0x000a0000-0x000effff]
[    0.000000] PM: Registered nosave memory: [mem 0x000f0000-0x000fffff]
[    0.000000] e820: [mem 0x40000000-0xfebfffff] available for PCI devices
[    0.000000] Booting paravirtualized kernel on KVM
[    0.000000] clocksource: refined-jiffies: mask: 0xffffffff max_cycles: 0xffffffff, max_idle_ns: 7645519600211568 ns
[    0.000000] random: get_random_bytes called from start_kernel+0x99/0x500 with crng_init=0
[    0.000000] setup_percpu: NR_CPUS:8192 nr_cpumask_bits:2 nr_cpu_ids:2 nr_node_ids:1
[    0.000000] percpu: Embedded 45 pages/cpu s147456 r8192 d28672 u1048576
[    0.000000] PV qspinlock hash table entries: 256 (order: 0, 4096 bytes)
[    0.000000] Built 1 zonelists, mobility grouping on.  Total pages: 257913
[    0.000000] Policy zone: DMA32
[    0.000000] Kernel command line: BOOT_IMAGE=/boot/vmlinuz-4.15.0-124-generic root=LABEL=cloudimg-rootfs ro console=tty1 console=ttyS0
[    0.000000] Memory: 983032K/1048120K available (12300K kernel code, 2482K rwdata, 4272K rodata, 2436K init, 2724K bss, 65088K reserved, 0K cma-reserved)
[    0.000000] SLUB: HWalign=64, Order=0-3, MinObjects=0, CPUs=2, Nodes=1
[    0.000000] Kernel/User page tables isolation: enabled
[    0.000000] ftrace: allocating 39402 entries in 154 pages
[    0.004000] Hierarchical RCU implementation.
[    0.004000] 	RCU restricting CPUs from NR_CPUS=8192 to nr_cpu_ids=2.
[    0.004000] 	Tasks RCU enabled.
[    0.004000] RCU: Adjusting geometry for rcu_fanout_leaf=16, nr_cpu_ids=2
[    0.004000] NR_IRQS: 524544, nr_irqs: 440, preallocated irqs: 16
[    0.004000] Console: colour VGA+ 80x25
[    0.004000] console [tty1] enabled
[    0.004000] console [ttyS0] enabled
[    0.004000] ACPI: Core revision 20170831
[    0.004000] ACPI: 2 ACPI AML tables successfully acquired and loaded
[    0.004000] APIC: Switch to symmetric I/O mode setup
[    0.004000] x2apic enabled
[    0.004000] Switched APIC routing to physical x2apic.
[    0.004000] ..TIMER: vector=0x30 apic1=0 pin1=2 apic2=-1 pin2=-1
[    0.004004] tsc: Detected 1800.001 MHz processor
[    0.004990] Calibrating delay loop (skipped) preset value.. 3600.00 BogoMIPS (lpj=7200004)
[    0.008002] pid_max: default: 32768 minimum: 301
[    0.009047] Security Framework initialized
[    0.009961] Yama: becoming mindful.
[    0.010782] AppArmor: AppArmor initialized
[    0.016037] Dentry cache hash table entries: 131072 (order: 8, 1048576 bytes)
[    0.020050] Inode-cache hash table entries: 65536 (order: 7, 524288 bytes)
[    0.021577] Mount-cache hash table entries: 2048 (order: 2, 16384 bytes)
[    0.024005] Mountpoint-cache hash table entries: 2048 (order: 2, 16384 bytes)
[    0.025885] Last level iTLB entries: 4KB 64, 2MB 8, 4MB 8
[    0.027136] Last level dTLB entries: 4KB 64, 2MB 0, 4MB 0, 1GB 4
[    0.028002] Spectre V1 : Mitigation: usercopy/swapgs barriers and __user pointer sanitization
[    0.029916] Spectre V2 : Mitigation: Full generic retpoline
[    0.031114] Spectre V2 : Spectre v2 / SpectreRSB mitigation: Filling RSB on context switch
[    0.032001] Speculative Store Bypass: Vulnerable
[    0.033058] SRBDS: Unknown: Dependent on hypervisor status
[    0.034326] MDS: Mitigation: Clear CPU buffers
[    0.036202] Freeing SMP alternatives memory: 36K
[    0.147462] smpboot: CPU0: Intel(R) Core(TM) i5-8250U CPU @ 1.60GHz (family: 0x6, model: 0x8e, stepping: 0xa)
[    0.148000] Performance Events: unsupported p6 CPU model 142 no PMU driver, software events only.
[    0.148000] Hierarchical SRCU implementation.
[    0.148725] NMI watchdog: Perf event create on CPU 0 failed with -2
[    0.150025] NMI watchdog: Perf NMI watchdog permanently disabled
[    0.152100] smp: Bringing up secondary CPUs ...
[    0.153260] x86: Booting SMP configuration:
[    0.154300] .... node  #0, CPUs:      #1
[    0.004000] kvm-clock: cpu 1, msr 0:3ff44041, secondary cpu clock
[    0.158584] smp: Brought up 1 node, 2 CPUs
[    0.158584] smpboot: Max logical packages: 1
[    0.160007] smpboot: Total of 2 processors activated (7200.00 BogoMIPS)
[    0.161544] devtmpfs: initialized
[    0.164053] x86/mm: Memory block size: 128MB
[    0.165235] evm: security.selinux
[    0.166193] evm: security.SMACK64
[    0.166952] evm: security.SMACK64EXEC
[    0.167768] evm: security.SMACK64TRANSMUTE
[    0.168009] evm: security.SMACK64MMAP
[    0.168812] evm: security.apparmor
[    0.169636] evm: security.ima
[    0.170333] evm: security.capability
[    0.172114] clocksource: jiffies: mask: 0xffffffff max_cycles: 0xffffffff, max_idle_ns: 7645041785100000 ns
[    0.174302] futex hash table entries: 512 (order: 3, 32768 bytes)
[    0.180041] pinctrl core: initialized pinctrl subsystem
[    0.181417] RTC time: 14:01:44, date: 12/27/20
[    0.184186] NET: Registered protocol family 16
[    0.185324] audit: initializing netlink subsys (disabled)
[    0.186473] audit: type=2000 audit(1609077710.182:1): state=initialized audit_enabled=0 res=1
[    0.188012] cpuidle: using governor ladder
[    0.188914] cpuidle: using governor menu
[    0.189802] ACPI: bus type PCI registered
[    0.190762] acpiphp: ACPI Hot Plug PCI Controller Driver version: 0.5
[    0.192103] PCI: Using configuration type 1 for base access
[    0.193291] HugeTLB registered 2.00 MiB page size, pre-allocated 0 pages
[    0.196082] ACPI: Added _OSI(Module Device)
[    0.196995] ACPI: Added _OSI(Processor Device)
[    0.197998] ACPI: Added _OSI(3.0 _SCP Extensions)
[    0.200004] ACPI: Added _OSI(Processor Aggregator Device)
[    0.201785] ACPI: Added _OSI(Linux-Dell-Video)
[    0.202945] ACPI: Added _OSI(Linux-Lenovo-NV-HDMI-Audio)
[    0.204003] ACPI: Added _OSI(Linux-HPI-Hybrid-Graphics)
[    0.205421] ACPI: Executed 1 blocks of module-level executable AML code
[    0.212280] ACPI: Interpreter enabled
[    0.213217] ACPI: (supports S0 S5)
[    0.214086] ACPI: Using IOAPIC for interrupt routing
[    0.215598] PCI: Using host bridge windows from ACPI; if necessary, use "pci=nocrs" and report a bug
[    0.216191] ACPI: Enabled 2 GPEs in block 00 to 07
[    0.225236] ACPI: PCI Root Bridge [PCI0] (domain 0000 [bus 00-ff])
[    0.226522] acpi PNP0A03:00: _OSC: OS supports [ASPM ClockPM Segments MSI]
[    0.228108] acpi PNP0A03:00: _OSC: not requesting OS control; OS requires [ExtendedConfig ASPM ClockPM MSI]
[    0.230202] acpi PNP0A03:00: fail to add MMCONFIG information, can't access extended PCI configuration space under this bridge.
[    0.232436] PCI host bridge to bus 0000:00
[    0.233336] pci_bus 0000:00: root bus resource [io  0x0000-0x0cf7 window]
[    0.234856] pci_bus 0000:00: root bus resource [io  0x0d00-0xffff window]
[    0.236002] pci_bus 0000:00: root bus resource [mem 0x000a0000-0x000bffff window]
[    0.237603] pci_bus 0000:00: root bus resource [mem 0x40000000-0xfdffffff window]
[    0.240002] pci_bus 0000:00: root bus resource [bus 00-ff]
[    0.244295] pci 0000:00:01.1: legacy IDE quirk: reg 0x10: [io  0x01f0-0x01f7]
[    0.245801] pci 0000:00:01.1: legacy IDE quirk: reg 0x14: [io  0x03f6]
[    0.247190] pci 0000:00:01.1: legacy IDE quirk: reg 0x18: [io  0x0170-0x0177]
[    0.248002] pci 0000:00:01.1: legacy IDE quirk: reg 0x1c: [io  0x0376]
[    0.264236] pci 0000:00:07.0: quirk: [io  0x4000-0x403f] claimed by PIIX4 ACPI
[    0.265860] pci 0000:00:07.0: quirk: [io  0x4100-0x410f] claimed by PIIX4 SMB
[    0.272000] ACPI: PCI Interrupt Link [LNKA] (IRQs 5 9 10 *11)
[    0.272371] ACPI: PCI Interrupt Link [LNKB] (IRQs 5 9 *10 11)
[    0.273735] ACPI: PCI Interrupt Link [LNKC] (IRQs 5 *9 10 11)
[    0.276131] ACPI: PCI Interrupt Link [LNKD] (IRQs 5 9 10 *11)
[    0.277924] SCSI subsystem initialized
[    0.280028] pci 0000:00:02.0: vgaarb: setting as boot VGA device
[    0.281346] pci 0000:00:02.0: vgaarb: VGA device added: decodes=io+mem,owns=io+mem,locks=none
[    0.283121] pci 0000:00:02.0: vgaarb: bridge control possible
[    0.284011] vgaarb: loaded
[    0.284677] ACPI: bus type USB registered
[    0.285583] usbcore: registered new interface driver usbfs
[    0.286808] usbcore: registered new interface driver hub
[    0.288014] usbcore: registered new device driver usb
[    0.289138] EDAC MC: Ver: 3.0.0
[    0.289138] PCI: Using ACPI for IRQ routing
[    0.289228] NetLabel: Initializing
[    0.292003] NetLabel:  domain hash size = 128
[    0.293211] NetLabel:  protocols = UNLABELED CIPSOv4 CALIPSO
[    0.294483] NetLabel:  unlabeled traffic allowed by default
[    0.296066] clocksource: Switched to clocksource kvm-clock
[    0.321015] VFS: Disk quotas dquot_6.6.0
[    0.321965] VFS: Dquot-cache hash table entries: 512 (order 0, 4096 bytes)
[    0.323463] AppArmor: AppArmor Filesystem Enabled
[    0.324653] pnp: PnP ACPI init
[    0.326512] pnp: PnP ACPI: found 3 devices
[    0.337657] clocksource: acpi_pm: mask: 0xffffff max_cycles: 0xffffff, max_idle_ns: 2085701024 ns
[    0.339544] NET: Registered protocol family 2
[    0.340738] TCP established hash table entries: 8192 (order: 4, 65536 bytes)
[    0.342277] TCP bind hash table entries: 8192 (order: 5, 131072 bytes)
[    0.346360] TCP: Hash tables configured (established 8192 bind 8192)
[    0.347699] UDP hash table entries: 512 (order: 2, 16384 bytes)
[    0.348961] UDP-Lite hash table entries: 512 (order: 2, 16384 bytes)
[    0.350291] NET: Registered protocol family 1
[    0.351244] pci 0000:00:00.0: Limiting direct PCI/PCI transfers
[    0.352531] pci 0000:00:01.0: Activating ISA DMA hang workarounds
[    0.353829] pci 0000:00:02.0: Video device with shadowed ROM at [mem 0x000c0000-0x000dffff]
[    0.355721] Unpacking initramfs...
[    0.754322] Freeing initrd memory: 19216K
[    0.755292] clocksource: tsc: mask: 0xffffffffffffffff max_cycles: 0x19f22aa45f0, max_idle_ns: 440795269146 ns
[    0.757487] platform rtc_cmos: registered platform RTC device (no PNP device found)
[    0.759138] Scanning for low memory corruption every 60 seconds
[    0.761079] Initialise system trusted keyrings
[    0.762060] Key type blacklist registered
[    0.763072] workingset: timestamp_bits=36 max_order=18 bucket_order=0
[    0.765560] zbud: loaded
[    0.766809] squashfs: version 4.0 (2009/01/31) Phillip Lougher
[    0.768330] fuse init (API version 7.26)
[    0.771962] Key type asymmetric registered
[    0.772954] Asymmetric key parser 'x509' registered
[    0.774008] Block layer SCSI generic (bsg) driver version 0.4 loaded (major 246)
[    0.775680] io scheduler noop registered
[    0.776723] io scheduler deadline registered
[    0.777669] io scheduler cfq registered (default)
[    0.778957] ACPI: AC Adapter [AC] (off-line)
[    0.779917] input: Power Button as /devices/LNXSYSTM:00/LNXPWRBN:00/input/input0
[    0.781698] ACPI: Power Button [PWRF]
[    0.782659] input: Sleep Button as /devices/LNXSYSTM:00/LNXSLPBN:00/input/input1
[    0.784281] ACPI: Sleep Button [SLPF]
[    0.786188] ACPI: Battery Slot [BAT0] (battery present)
[    0.787450] Serial: 8250/16550 driver, 32 ports, IRQ sharing enabled
[    0.809688] 00:02: ttyS0 at I/O 0x3f8 (irq = 4, base_baud = 115200) is a 16550A
[    0.814719] Linux agpgart interface v0.103
[    0.817109] loop: module loaded
[    0.818357] scsi host0: ata_piix
[    0.819222] scsi host1: ata_piix
[    0.819994] ata1: PATA max UDMA/33 cmd 0x1f0 ctl 0x3f6 bmdma 0xd000 irq 14
[    0.821449] ata2: PATA max UDMA/33 cmd 0x170 ctl 0x376 bmdma 0xd008 irq 15
[    0.823116] libphy: Fixed MDIO Bus: probed
[    0.824123] tun: Universal TUN/TAP device driver, 1.6
[    0.825304] PPP generic driver version 2.4.2
[    0.826505] ehci_hcd: USB 2.0 'Enhanced' Host Controller (EHCI) Driver
[    0.827848] ehci-pci: EHCI PCI platform driver
[    0.828951] ehci-platform: EHCI generic platform driver
[    0.830117] ohci_hcd: USB 1.1 'Open' Host Controller (OHCI) Driver
[    0.831378] ohci-pci: OHCI PCI platform driver
[    0.832425] ohci-platform: OHCI generic platform driver
[    0.833604] uhci_hcd: USB Universal Host Controller Interface driver
[    0.835001] i8042: PNP: PS/2 Controller [PNP0303:PS2K,PNP0f03:PS2M] at 0x60,0x64 irq 1,12
[    0.837219] serio: i8042 KBD port at 0x60,0x64 irq 1
[    0.838303] serio: i8042 AUX port at 0x60,0x64 irq 12
[    0.839676] mousedev: PS/2 mouse device common for all mice
[    0.841929] rtc_cmos rtc_cmos: rtc core: registered rtc_cmos as rtc0
[    0.843333] rtc_cmos rtc_cmos: alarms up to one day, 114 bytes nvram
[    0.844708] i2c /dev entries driver
[    0.845561] input: AT Translated Set 2 keyboard as /devices/platform/i8042/serio0/input/input2
[    0.847465] device-mapper: uevent: version 1.0.3
[    0.848745] device-mapper: ioctl: 4.37.0-ioctl (2017-09-20) initialised: dm-devel@redhat.com
[    0.850673] ledtrig-cpu: registered to indicate activity on CPUs
[    0.852270] NET: Registered protocol family 10
[    0.857236] Segment Routing with IPv6
[    0.858093] NET: Registered protocol family 17
[    0.859165] Key type dns_resolver registered
[    0.860411] mce: Using 0 MCE banks
[    0.861207] RAS: Correctable Errors collector initialized.
[    0.862345] sched_clock: Marking stable (860381390, 0)->(1094212109, -233830719)
[    0.864495] registered taskstats version 1
[    0.865400] Loading compiled-in X.509 certificates
[    0.868641] Loaded X.509 cert 'Build time autogenerated kernel key: be62403dcace2d46f96dafa9f42421c610ef3c2a'
[    0.870685] zswap: loaded using pool lzo/zbud
[    0.874823] Key type big_key registered
[    0.875687] Key type trusted registered
[    0.878318] Key type encrypted registered
[    0.879156] AppArmor: AppArmor sha1 policy hashing enabled
[    0.880496] ima: No TPM chip found, activating TPM-bypass! (rc=-19)
[    0.881807] ima: Allocated hash algorithm: sha1
[    0.882793] evm: HMAC attrs: 0x1
[    0.883816]   Magic number: 0:513:31
[    0.884794] rtc_cmos rtc_cmos: setting system clock to 2020-12-27 14:01:45 UTC (1609077705)
[    0.886699] BIOS EDD facility v0.16 2004-Jun-25, 0 devices found
[    0.887941] EDD information not available.
[    1.012097] Freeing unused kernel image memory: 2436K
[    1.028257] Write protecting the kernel read-only data: 20480k
[    1.030575] Freeing unused kernel image memory: 2008K
[    1.032251] Freeing unused kernel image memory: 1872K
[    1.044715] x86/mm: Checked W+X mappings: passed, no W+X pages found.
[    1.046294] x86/mm: Checking user space page tables
[    1.057897] x86/mm: Checked W+X mappings: passed, no W+X pages found.
Loading, please wait...
starting version 237
[    1.131027] Fusion MPT base driver 3.04.20
[    1.131954] Copyright (c) 1999-2008 LSI Corporation
[    1.137161] e1000: Intel(R) PRO/1000 Network Driver - version 7.3.21-k8-NAPI
[    1.138696] e1000: Copyright (c) 1999-2006 Intel Corporation.
[    1.154074] AVX2 version of gcm_enc/dec engaged.
[    1.155139] AES CTR mode by8 optimization enabled
[    1.166870] Fusion MPT SPI Host driver 3.04.20
[    1.352374] input: ImExPS/2 Generic Explorer Mouse as /devices/platform/i8042/serio1/input/input4
[    1.533738] e1000 0000:00:03.0 eth0: (PCI:33MHz:32-bit) 02:60:71:1d:34:36
[    1.535160] e1000 0000:00:03.0 eth0: Intel(R) PRO/1000 Network Connection
[    1.537527] mptbase: ioc0: Initiating bringup
[    1.538301] e1000 0000:00:03.0 enp0s3: renamed from eth0
[    1.633517] ioc0: LSI53C1030 A0: Capabilities={Initiator}
[    1.894330] scsi host2: ioc0: LSI53C1030 A0, FwRev=00000000h, Ports=1, MaxQ=256, IRQ=20
[    2.070271] scsi 2:0:0:0: Direct-Access     VBOX     HARDDISK         1.0  PQ: 0 ANSI: 5
[    2.105001] scsi target2:0:0: Beginning Domain Validation
[    2.118501] scsi target2:0:0: Domain Validation skipping write tests
[    2.123399] scsi target2:0:0: Ending Domain Validation
[    2.127800] scsi target2:0:0: asynchronous
[    2.134171] scsi 2:0:1:0: Direct-Access     VBOX     HARDDISK         1.0  PQ: 0 ANSI: 5
[    2.172706] scsi target2:0:1: Beginning Domain Validation
[    2.183824] random: fast init done
[    2.188688] scsi target2:0:1: Domain Validation skipping write tests
[    2.193581] scsi target2:0:1: Ending Domain Validation
[    2.198150] scsi target2:0:1: asynchronous
[    2.222858] random: systemd-udevd: uninitialized urandom read (16 bytes read)
[    2.229015] random: systemd-udevd: uninitialized urandom read (16 bytes read)
[    2.229168] sd 2:0:0:0: Attached scsi generic sg0 type 0
[    2.234576] random: systemd-udevd: uninitialized urandom read (16 bytes read)
[    2.244948] sd 2:0:0:0: [sda] 20971520 512-byte logical blocks: (10.7 GB/10.0 GiB)
[    2.249558] sd 2:0:1:0: Attached scsi generic sg1 type 0
[    2.249677] sd 2:0:0:0: [sda] Write Protect is off
[    2.254726] sd 2:0:1:0: [sdb] 20480 512-byte logical blocks: (10.5 MB/10.0 MiB)
[    2.257589] sd 2:0:0:0: [sda] Incomplete mode parameter data
[    2.259501] sd 2:0:0:0: [sda] Assuming drive cache: write through
[    2.260113] sd 2:0:1:0: [sdb] Write Protect is off
[    2.263602] sd 2:0:1:0: [sdb] Incomplete mode parameter data
[    2.265387] sd 2:0:1:0: [sdb] Assuming drive cache: write through
[    2.315367]  sda: sda1
[    2.316968] sd 2:0:0:0: [sda] Attached SCSI disk
[    2.317093] sd 2:0:1:0: [sdb] Attached SCSI disk
Begin: Loading essential drivers ... [    3.940669] raid6: sse2x1   gen() 11756 MB/s
[    3.988508] raid6: sse2x1   xor()  8516 MB/s
[    4.036334] raid6: sse2x2   gen() 14508 MB/s
[    4.084158] raid6: sse2x2   xor()  9785 MB/s
[    4.132005] raid6: sse2x4   gen() 16711 MB/s
[    4.180773] raid6: sse2x4   xor() 10652 MB/s
[    4.228582] raid6: avx2x1   gen() 23189 MB/s
[    4.276404] raid6: avx2x1   xor() 16174 MB/s
[    4.324239] raid6: avx2x2   gen() 27387 MB/s
[    4.372064] raid6: avx2x2   xor() 17745 MB/s
[    4.420850] raid6: avx2x4   gen() 32932 MB/s
[    4.468680] raid6: avx2x4   xor() 19654 MB/s
[    4.469572] raid6: using algorithm avx2x4 gen() 32932 MB/s
[    4.470724] raid6: .... xor() 19654 MB/s, rmw enabled
[    4.471871] raid6: using avx2x2 recovery algorithm
[    4.474216] xor: automatically using best checksumming function   avx       
[    4.476849] async_tx: api initialized (async)
done.
Begin: Running /scripts/init-premount ... done.
Begin: Mounting root file system ... Begin: Running /scripts/local-top ... done.
Begin: Running /scripts/local-premount ... [    4.521962] Btrfs loaded, crc32c=crc32c-intel
Scanning for Btrfs filesystems
done.
Warning: fsck not present, so skipping root file system
[    4.598838] EXT4-fs (sda1): mounted filesystem with ordered data mode. Opts: (null)
done.
Begin: Running /scripts/local-bottom ... done.
Begin: Running /scripts/init-bottom ... done.
[    4.748750] ip_tables: (C) 2000-2006 Netfilter Core Team
[    4.758716] systemd[1]: systemd 237 running in system mode. (+PAM +AUDIT +SELINUX +IMA +APPARMOR +SMACK +SYSVINIT +UTMP +LIBCRYPTSETUP +GCRYPT +GNUTLS +ACL +XZ +LZ4 +SECCOMP +BLKID +ELFUTILS +KMOD -IDN2 +IDN -PCRE2 default-hierarchy=hybrid)
[    4.762610] systemd[1]: Detected virtualization oracle.
[    4.763593] systemd[1]: Detected architecture x86-64.

Welcome to [1mUbuntu 18.04.5 LTS[0m!

[    4.780921] systemd[1]: Set hostname to <ubuntu>.
[    4.786275] systemd[1]: Initializing machine ID from random generator.
[    4.787748] systemd[1]: Installed transient /etc/machine-id file.
[    5.037362] systemd[1]: Reached target User and Group Name Lookups.
[[0;32m  OK  [0m] Reached target User and Group Name Lookups.
[    5.039699] systemd[1]: Set up automount Arbitrary Executable File Formats File System Automount Point.
[[0;32m  OK  [0m] Set up automount Arbitrary Executabâ€¦rmats File System Automount Point.
[    5.044274] systemd[1]: Created slice System Slice.
[[0;32m  OK  [0m] Created slice System Slice.
[    5.056638] systemd[1]: Listening on Device-mapper event daemon FIFOs.
[[0;32m  OK  [0m] Listening on Device-mapper event daemon FIFOs.
[[0;32m  OK  [0m] Listening on Journal Socket (/dev/log).
[[0;32m  OK  [0m] Listening on LVM2 metadata daemon socket.
[[0;32m  OK  [0m] Listening on Journal Socket.
         Starting Monitoring of LVM2 mirrorsâ€¦ng dmeventd or progress polling...
         Starting Load Kernel Modules...
[[0;32m  OK  [0m] Listening on Syslog Socket.
         Mounting POSIX Message Queue File System...
         Starting Uncomplicated firewall...
[[0;32m  OK  [0m] Listening on /dev/initctl Compatibility Named Pipe.
[    5.158805] Loading iSCSI transport class v2.0-870.
         Starting Set the console keyboard layout...
[    5.167060] iscsi: registered transport (tcp)
         Mounting Huge Pages File System...
         Mounting Kernel Debug File System...
[[0;32m  OK  [0m] Created slice system-serial\x2dgetty.slice.
[[0;32m  OK  [0m] Started Forward Password Requests to Wall Directory Watch.
[[0;32m  OK  [0m] Listening on Network Service Netlink Socket.
[    5.211556] iscsi: registered transport (iser)
         Starting Remount Root and Kernel File Systems...
[[0;32m  OK  [0m] Listening on udev Kernel Socket.
[[0;32m  OK  [0m] Listening on LVM2 poll daemon socket.
[[0;32m  OK  [0m] Reached target System Time Synchronized.
[    5.231373] EXT4-fs (sda1): re-mounted. Opts: (null)
         Starting Create list of required stâ€¦ce nodes for the current kernel...
[[0;32m  OK  [0m] Listening on Journal Audit Socket.
         Starting Journal Service...
[[0;32m  OK  [0m] Listening on udev Control Socket.
         Starting udev Coldplug all Devices...
[[0;32m  OK  [0m] Created slice User and Session Slice.
[[0;32m  OK  [0m] Reached target Slices.
[[0;32m  OK  [0m] Reached target Swap.
[[0;32m  OK  [0m] Started Journal Service.
[[0;32m  OK  [0m] Started Load Kernel Modules.
[[0;32m  OK  [0m] Mounted POSIX Message Queue File System.
[[0;32m  OK  [0m] Started Uncomplicated firewall.
[[0;32m  OK  [0m] Mounted Huge Pages File System.
[[0;32m  OK  [0m] Mounted Kernel Debug File System.
[[0;32m  OK  [0m] Started Remount Root and Kernel File Systems.
[[0;32m  OK  [0m] Started Create list of required staâ€¦vice nodes for the current kernel.
[[0;32m  OK  [0m] Started LVM2 metadata daemon.
         Starting Create Static Device Nodes in /dev...
         Starting Load/Save Random Seed...
         Mounting Kernel Configuration File System...
         Mounting FUSE Control File System...
         Starting Apply Kernel Variables...
         Starting Flush Journal to Persistent Storage...
[[0;32m  OK  [0m] Started Monitoring of LVM2 mirrors,â€¦sing dmeventd or progress polling.
[[0;32m  OK  [0m] Started udev Coldplug all Devices.
[[0;32m  OK  [0m] Started Create Static Device Nodes in /dev.
[[0;32m  OK  [0m] Started Load/Save Random Seed.
[[0;32m  OK  [0m] Mounted Kernel Configuration File System.
[[0;32m  OK  [0m] Mounted FUSE Control File System.
         Starting udev Kernel Device Manager...
[[0;32m  OK  [0m] Started Apply Kernel Variables.
[[0;32m  OK  [0m] Started udev Kernel Device Manager.
[[0;32m  OK  [0m] Started Flush Journal to Persistent Storage.
[[0;32m  OK  [0m] Found device /dev/ttyS0.
[[0;32m  OK  [0m] Listening on Load/Save RF Kill Switch Status /dev/rfkill Watch.
[[0;32m  OK  [0m] Started Set the console keyboard layout.
[[0;32m  OK  [0m] Started Dispatch Password Requests to Console Directory Watch.
[[0;32m  OK  [0m] Reached target Local Encrypted Volumes.
[[0;32m  OK  [0m] Reached target Local File Systems (Pre).
[[0;32m  OK  [0m] Reached target Local File Systems.
         Starting AppArmor initialization...
         Starting ebtables ruleset management...
         Starting Create Volatile Files and Directories...
         Starting Commit a transient machine-id on disk...
         Starting Set console font and keymap...
         Starting Tell Plymouth To Write Out Runtime Data...
[[0;32m  OK  [0m] Started Set console font and keymap.
[[0;32m  OK  [0m] Started Create Volatile Files and Directories.
         Starting Update UTMP about System Boot/Shutdown...
[[0;32m  OK  [0m] Started Tell Plymouth To Write Out Runtime Data.
[[0;32m  OK  [0m] Started Update UTMP about System Boot/Shutdown.
[[0;32m  OK  [0m] Started ebtables ruleset management.
[[0;32m  OK  [0m] Started Commit a transient machine-id on disk.
[[0;32m  OK  [0m] Started AppArmor initialization.
         Starting Initial cloud-init job (pre-networking)...
         Starting Load AppArmor profiles managed internally by snapd...
[[0;32m  OK  [0m] Started Load AppArmor profiles managed internally by snapd.
[    9.956837] cloud-init[667]: Cloud-init v. 20.3-2-g371b392c-0ubuntu1~18.04.1 running 'init-local' at Sun, 27 Dec 2020 14:01:54 +0000. Up 9.43 seconds.
[[0;32m  OK  [0m] Started Initial cloud-init job (pre-networking).
[[0;32m  OK  [0m] Reached target Network (Pre).
         Starting Network Service...
[[0;32m  OK  [0m] Started Network Service.
         Starting Wait for Network to be Configured...
         Starting Network Name Resolution...
[[0;32m  OK  [0m] Started Network Name Resolution.
[[0;32m  OK  [0m] Reached target Network.
[[0;32m  OK  [0m] Reached target Host and Network Name Lookups.
[[0;32m  OK  [0m] Started Wait for Network to be Configured.
         Starting Initial cloud-init job (metadata service crawler)...
[   12.930470] cloud-init[808]: Cloud-init v. 20.3-2-g371b392c-0ubuntu1~18.04.1 running 'init' at Sun, 27 Dec 2020 14:01:57 +0000. Up 12.65 seconds.
[   12.932341] cloud-init[808]: ci-info: ++++++++++++++++++++++++++++++++++++++Net device info++++++++++++++++++++++++++++++++++++++
[   12.933876] cloud-init[808]: ci-info: +--------+------+----------------------------+---------------+--------+-------------------+
[   12.935383] cloud-init[808]: ci-info: | Device |  Up  |          Address           |      Mask     | Scope  |     Hw-Address    |
[   12.944626] cloud-init[808]: ci-info: +--------+------+----------------------------+---------------+--------+-------------------+
[   12.956329] cloud-init[808]: ci-info: | enp0s3 | True |         10.0.2.15          | 255.255.255.0 | global | 02:60:71:1d:34:36 |
[   12.968554] cloud-init[808]: ci-info: | enp0s3 | True | fe80::60:71ff:fe1d:3436/64 |       .       |  link  | 02:60:71:1d:34:36 |
[   12.980261] cloud-init[808]: ci-info: |   lo   | True |         127.0.0.1          |   255.0.0.0   |  host  |         .         |
[   12.981291] cloud-init[808]: ci-info: |   lo   | True |          ::1/128           |       .       |  host  |         .         |
[   12.982559] cloud-init[808]: ci-info: +--------+------+----------------------------+---------------+--------+-------------------+
[   12.983467] cloud-init[808]: ci-info: ++++++++++++++++++++++++++++Route IPv4 info+++++++++++++++++++++++++++++
[   12.984309] cloud-init[808]: ci-info: +-------+-------------+----------+-----------------+-----------+-------+
[   13.000223] cloud-init[808]: ci-info: | Route | Destination | Gateway  |     Genmask     | Interface | Flags |
[   13.012278] cloud-init[808]: ci-info: +-------+-------------+----------+-----------------+-----------+-------+
[   13.013448] cloud-init[808]: ci-info: |   0   |   0.0.0.0   | 10.0.2.2 |     0.0.0.0     |   enp0s3  |   UG  |
[   13.024610] cloud-init[808]: ci-info: |   1   |   10.0.2.0  | 0.0.0.0  |  255.255.255.0  |   enp0s3  |   U   |
[   13.036158] cloud-init[808]: ci-info: |   2   |   10.0.2.2  | 0.0.0.0  | 255.255.255.255 |   enp0s3  |   UH  |
[   13.048634] cloud-init[808]: ci-info: +-------+-------------+----------+-----------------+-----------+-------+
[   13.050212] cloud-init[808]: ci-info: +++++++++++++++++++Route IPv6 info+++++++++++++++++++
[   13.068617] cloud-init[808]: ci-info: +-------+-------------+---------+-----------+-------+
[   13.080384] cloud-init[808]: ci-info: | Route | Destination | Gateway | Interface | Flags |
[   13.081767] cloud-init[808]: ci-info: +-------+-------------+---------+-----------+-------+
[   13.082711] cloud-init[808]: ci-info: |   1   |  fe80::/64  |    ::   |   enp0s3  |   U   |
[   13.083578] cloud-init[808]: ci-info: |   3   |    local    |    ::   |   enp0s3  |   U   |
[   13.096335] cloud-init[808]: ci-info: |   4   |   ff00::/8  |    ::   |   enp0s3  |   U   |
[   13.097595] cloud-init[808]: ci-info: +-------+-------------+---------+-----------+-------+
[   13.736359] cloud-init[808]: Generating public/private rsa key pair.
[   13.737154] cloud-init[808]: Your identification has been saved in /etc/ssh/ssh_host_rsa_key.
[   13.737843] cloud-init[808]: Your public key has been saved in /etc/ssh/ssh_host_rsa_key.pub.
[   13.748222] cloud-init[808]: The key fingerprint is:
[   13.760374] cloud-init[808]: SHA256:Eb02X1x+0fv+p0TciLwhHnOsycKmMseGmmIhG1fK9Ls root@ubuntu-bionic
[   13.761566] cloud-init[808]: The key's randomart image is:
[   13.772523] cloud-init[808]: +---[RSA 2048]----+
[   13.773254] cloud-init[808]: |        ..      .|
[   13.788280] cloud-init[808]: |         ..    .o|
[   13.800190] cloud-init[808]: |        .  . . oo|
[   13.800617] cloud-init[808]: |  . .    .+o oo+o|
[   13.800752] cloud-init[808]: | o +    S.+o*.+ +|
[[0;32m  OK  [0m] Started Initial cloud-init job (metadata service crawler).
[   13.800887] cloud-init[808]: |o.+ .  . o B.+  .|
[[   13.817066] [0;32m  OK  [0mcloud-init] [808]: Reached target Network is Online.|.+.  +  + = . .. |

[[0;32m  OK  [0m[   13.828860] cloud-init[808]: |o. .= +o .   .  o|
] [   13.829172] Reached target Remote File Systems (Pre).cloud-init[808]: |..o.E*.       ..+|

[   13.829244] cloud-init[808]: +----[SHA256]-----+
[[   13.840554] [0;32m  OK  [0mcloud-init] [808]: Reached target Remote File Systems.Generating public/private dsa key pair.

[   13.841609] cloud-init[808]: Your identification has been saved in /etc/ssh/ssh_host_dsa_key.
         [   13.852171] cloud-init[808]: Your public key has been saved in /etc/ssh/ssh_host_dsa_key.pub.
[   13.852303] cloud-init[808]: The key fingerprint is:
[   13.852688] cloud-init[808]: SHA256:lVFX+kC3/gnsL+NP1n6H9ofyUX6u/RMOigYFmEjNQR8 root@ubuntu-bionic
[   13.853243] cloud-init[808]: The key's randomart image is:
[   13.853809] cloud-init[808]: +---[DSA 1024]----+
[   13.854358] cloud-init[808]: |  ..=o+E  ... o.o|
[   13.854940] cloud-init[808]: |   . =...  o o o.|
[   13.855596] cloud-init[808]: |       .. o   o. |
[   13.856504] cloud-init[808]: |         o  . .o |
[   13.857020] cloud-init[808]: |        S    o .o|
[   13.857380] cloud-init[808]: |       .    ...++|
[   13.857743] cloud-init[808]: |        . . ..+**|
[   13.858346] cloud-init[808]: |         o ..oBB=|
[   13.858931] cloud-init[808]: |        .   .=*=%|
[   13.859422] cloud-init[808]: +----[SHA256]-----+
[   13.859992] cloud-init[808]: Generating public/private ecdsa key pair.
[   13.860484] cloud-init[808]: Your identification has been saved in /etc/ssh/ssh_host_ecdsa_key.
[   13.860983] cloud-init[808]: Your public key has been saved in /etc/ssh/ssh_host_ecdsa_key.pub.
[   13.861386] cloud-init[808]: The key fingerprint is:
[   13.861775] cloud-init[808]: SHA256:P7zJ+of6jK6wlQ+q6g9Fn7YEVp8Q7XiNeURpWZnlWjI root@ubuntu-bionic
[   13.862427] cloud-init[808]: The key's randomart image is:
[   13.862746] cloud-init[808]: +---[ECDSA 256]---+
[   13.863265] cloud-init[808]: |     +o ..+.+.   |
[   13.863633] cloud-init[808]: |    . o..= o.    |
[   13.864209] cloud-init[808]: |   +  oo*  E o   |
[   13.864579] cloud-init[808]: |  o o..= o  =    |
[   13.865120] cloud-init[808]: |   . =. S  .     |
[   13.865511] cloud-init[808]: |  . o .. o       |
[   13.866096] cloud-init[808]: | .  ..+   +.     |
[   13.866443] cloud-init[808]: |  .  = o +.+.    |
[   13.866887] cloud-init[808]: |ooooo .o*=B.     |
[   13.867254] cloud-init[808]: +----[SHA256]-----+
[   13.867624] cloud-init[808]: Generating public/private ed25519 key pair.
[   13.868222] cloud-init[808]: Your identification has been saved in /etc/ssh/ssh_host_ed25519_key.
[   13.868730] cloud-init[808]: Your public key has been saved in /etc/ssh/ssh_host_ed25519_key.pub.
[   13.869108] cloud-init[808]: The key fingerprint is:
[   13.869482] cloud-init[808]: SHA256:5n/i0wdB12FBazT0osoOm8Pid+qyhhomLKTspKgb7i4 root@ubuntu-bionic
[   13.870028] cloud-init[808]: The key's randomart image is:
[   13.870366] cloud-init[808]: +--[ED25519 256]--+
[   13.870902] cloud-init[808]: |              oXo|
[   13.871398] cloud-init[808]: |            . + =|
[   13.871737] cloud-init[808]: |           . ..o.|
[   13.872506] cloud-init[808]: |            .... |
[   13.872883] cloud-init[808]: | .      S   ..   |
[   13.873432] cloud-init[808]: |=      o . ..    |
[   13.873941] cloud-init[808]: |=+o  . .o o. .   |
[   13.874299] cloud-init[808]: |E+ .. + +*+ o .  |
[   13.874838] cloud-init[808]: |X*.. oo*==++ .   |
[   13.874961] cloud-init[808]: +----[SHA256]-----+
Starting Availability of block devices...
[[0;32m  OK  [0m] Reached target Cloud-config availability.
[[0;32m  OK  [0m] Reached target System Initialization.
[[0;32m  OK  [0m] Started Daily Cleanup of Temporary Directories.
         Starting Socket activation for snappy daemon.
[[0;32m  OK  [0m] Started Discard unused blocks once a week.
[[0;32m  OK  [0m] Listening on UUID daemon activation socket.
[[0;32m  OK  [0m] Listening on D-Bus System Message Bus Socket.
[[0;32m  OK  [0m] Started ACPI Events Check.
[[0;32m  OK  [0m] Listening on Open-iSCSI iscsid Socket.
[[0;32m  OK  [0m] Started Message of the Day.
[[0;32m  OK  [0m] Listening on ACPID Listen Socket.
[[0;32m  OK  [0m] Started Daily apt download activities.
[[0;32m  OK  [0m] Started Daily apt upgrade and clean activities.
[[0;32m  OK  [0m] Reached target Timers.
[[0;32m  OK  [0m] Reached target Paths.
         Starting LXD - unix socket.
[[0;32m  OK  [0m] Started Availability of block devices.
[[0;32m  OK  [0m] Listening on Socket activation for snappy daemon.
[[0;32m  OK  [0m] Listening on LXD - unix socket.
[[0;32m  OK  [0m] Reached target Sockets.
[[0;32m  OK  [0m] Reached target Basic System.
         Starting Accounts Service...
         Starting System Logging Service...
         Starting Virtualbox guest utils...
[[0;32m  OK  [0m] Started irqbalance daemon.
[[0;32m  OK  [0m] Started FUSE filesystem for LXC.
         Starting Permit User Sessions...
         Starting Login Service...
         Starting LSB: Record successful boot for GRUB...
[[0;32m  OK  [0m] Started D-Bus System Message Bus.
         Starting LSB: automatic crash report generation...
         Starting LXD - container startup/shutdown...
         Starting Pollinate to seed the pseudo random number generator...
         Starting Snap Daemon...
[[0;32m  OK  [0m] Started Deferred execution scheduler.
[[0;32m  OK  [0m] Started Regular background program processing daemon.
         Starting Dispatcher daemon for systemd-networkd...
[[0;32m  OK  [0m] Started System Logging Service.
[[0;32m  OK  [0m] Started Permit User Sessions.
[[0;32m  OK  [0m] Started LXD - container startup/shutdown.
[[0;32m  OK  [0m] Started Login Service.
         Starting Authorization Manager...
[[0;32m  OK  [0m] Started Unattended Upgrades Shutdown.
         Starting Terminate Plymouth Boot Screen...
         Starting Hold until boot process finishes up...
[[0;32m  OK  [0m] Started Terminate Plymouth Boot Screen.
[[0;32m  OK  [0m] Started Hold until boot process finishes up.
         Starting Set console scheme...
[[0;32m  OK  [0m] Started Serial Getty on ttyS0.
[[0;32m  OK  [0m] Started LSB: automatic crash report generation.
[[0;32m  OK  [0m] Started Authorization Manager.
[[0;32m  OK  [0m] Started Accounts Service.
[[0;32m  OK  [0m] Started Set console scheme.
[[0;32m  OK  [0m] Created slice system-getty.slice.
[[0;32m  OK  [0m] Started Getty on tty1.
[[0;32m  OK  [0m] Reached target Login Prompts.
[[0;32m  OK  [0m] Started LSB: Record successful boot for GRUB.
[[0;32m  OK  [0m] Started Virtualbox guest utils.
[[0;32m  OK  [0m] Started Dispatcher daemon for systemd-networkd.
[[0;32m  OK  [0m] Started Snap Daemon.
         Starting Wait until snapd is fully seeded...
[[0;32m  OK  [0m] Started Pollinate to seed the pseudo random number generator.
         Starting OpenBSD Secure Shell server...
[[0;32m  OK  [0m] Started OpenBSD Secure Shell server.
[[0;32m  OK  [0m] Created slice User Slice of vagrant.
         Starting User Manager for UID 1000...
[[0;32m  OK  [0m] Started Session 1 of user vagrant.
[[0;32m  OK  [0m] Started User Manager for UID 1000.

Ubuntu 18.04.5 LTS ubuntu-bionic ttyS0

ubuntu-bionic login: [   24.831532] cloud-init[1695]: Cloud-init v. 20.3-2-g371b392c-0ubuntu1~18.04.1 running 'modules:config' at Sun, 27 Dec 2020 14:02:08 +0000. Up 24.11 seconds.
ci-info: no authorized SSH keys fingerprints found for user ubuntu.
<14>Dec 27 14:02:10 ec2: 
<14>Dec 27 14:02:10 ec2: #############################################################
<14>Dec 27 14:02:10 ec2: -----BEGIN SSH HOST KEY FINGERPRINTS-----
<14>Dec 27 14:02:10 ec2: 1024 SHA256:lVFX+kC3/gnsL+NP1n6H9ofyUX6u/RMOigYFmEjNQR8 root@ubuntu-bionic (DSA)
<14>Dec 27 14:02:10 ec2: 256 SHA256:P7zJ+of6jK6wlQ+q6g9Fn7YEVp8Q7XiNeURpWZnlWjI root@ubuntu-bionic (ECDSA)
<14>Dec 27 14:02:10 ec2: 256 SHA256:5n/i0wdB12FBazT0osoOm8Pid+qyhhomLKTspKgb7i4 root@ubuntu-bionic (ED25519)
<14>Dec 27 14:02:10 ec2: 2048 SHA256:Eb02X1x+0fv+p0TciLwhHnOsycKmMseGmmIhG1fK9Ls root@ubuntu-bionic (RSA)
<14>Dec 27 14:02:10 ec2: -----END SSH HOST KEY FINGERPRINTS-----
<14>Dec 27 14:02:10 ec2: #############################################################
-----BEGIN SSH HOST KEY KEYS-----
ecdsa-sha2-nistp256 AAAAE2VjZHNhLXNoYTItbmlzdHAyNTYAAAAIbmlzdHAyNTYAAABBBPQBSYpMLMs+So8o+G2/JAW7tsPzLOwkh2n0dxnz0pUehTSBA1DhWp5T0TZE8qbuAabYJlAqHNAlIC14xGharhU= root@ubuntu-bionic
ssh-ed25519 AAAAC3NzaC1lZDI1NTE5AAAAIC7rLuBjZ7Wxf9JUjUd1yVAtVy38v3Qyc3BB4XIMsfei root@ubuntu-bionic
ssh-rsa AAAAB3NzaC1yc2EAAAADAQABAAABAQCeneBzptT5Y2iSoQI8fAOPsYTl/YvJrRaw+7CtMN3Ia2CzvdsodOEi2ok5kCm/6a4ovnftI/cY+FVt5cdFMHKcomEy4XaunFslg08yOz2taUatFBOFhrxgjQOKXQ60p7wqnFyAwpaMYJIp9irgyPd3rjjll0kUQT0YG8UME3f7LqNtPOmvDa7G3Nx3EINX8Sn47qHLHblBvZIFsiXWLi6IoySWDMZbiI1RaHvD49gMtiH0mYuwKNH73dW0k/ganp1KQ1lKzwuHGKq/tcPXgafqHBYFVwl3J007BfSn8P3Bfis1uPOra0/fDXmlE3KTEXl0a0DGVrOyoTfN55/Gvf+x root@ubuntu-bionic
-----END SSH HOST KEY KEYS-----
[   25.680427] cloud-init[1827]: Cloud-init v. 20.3-2-g371b392c-0ubuntu1~18.04.1 running 'modules:final' at Sun, 27 Dec 2020 14:02:10 +0000. Up 25.47 seconds.
[   25.680524] cloud-init[1827]: ci-info: no authorized SSH keys fingerprints found for user ubuntu.
[   25.680573] cloud-init[1827]: Cloud-init v. 20.3-2-g371b392c-0ubuntu1~18.04.1 finished at Sun, 27 Dec 2020 14:02:10 +0000. Datasource DataSourceNoCloud [seed=/dev/sdb][dsmode=net].  Up 25.67 seconds
